// Jest Snapshot v1, https://goo.gl/fbAQLP

exports[`index barrel: index-barrel 1`] = `
{
  "JarbField": [Function],
  "configureConstraint": [Function],
  "getConstraints": [Function],
  "getFieldConstraints": [Function],
  "hasFractionLength": [Function],
  "hasMax": [Function],
  "hasMaximumLength": [Function],
  "hasMin": [Function],
  "hasMinimumLength": [Function],
  "hasPattern": [Function],
  "hasRadix": [Function],
  "isRequired": [Function],
  "loadConstraints": [Function],
  "setConstraints": [Function],
}
`;
